"jambajuice {\n    if true {\n        print 68 // over 65 for ascii characters\n    } else {\n        print 70 // over 65 for ascii characters\n    }\n}"
