(\true . \false . \and . \or . \not . or false true) (\x . \y . x) (\x . \y . y) (\p . \q . p q p) (\p . \q . p p q) (\p . \x . \y . p y x)
