(\pair . \fst . \snd . fst (pair a b)) (\x . \y . \f . f x y) (\p . p (\x . \y . x)) (\p . p (\x . \y . y))
