"foo a {\n    a + 5\n}\n\njambajuice {\n    print foo 65\n}"
